
******************************************************************************
This program contains Ipopt, a library for large-scale nonlinear optimization.
 Ipopt is released as open source code under the Eclipse Public License (EPL).
         For more information visit https://github.com/coin-or/Ipopt
******************************************************************************

[ Info: ExaModels, MadNLP, GPU
[ Info: ExaModels, MadNLP, CPU
[ Info: JuMP, MadNLP
[ Info: JuMP, Ipopt
[ Info: Reference IC: p_loc = 0.4822 (index 16 / 30)
============================================================
Burgers Equation — Functional Flow Matching
============================================================

[1/3] Creating FFM model...
  Model created successfully

[2/3] Loading checkpoint from: /orcd/home/002/txenakis/projects/18337/PCFM.jl/examples/checkpoints/ffm_burgers_checkpoint.jld2
  Loaded trained parameters and states

[3/3] Generating samples...
backend = CUDABackend(false, false)

------------------------
------Sampling PCFM------
Modelling: exa
Optimizer: MadNLPMOI.Optimizer
Backend: CUDABackend(false, false)
------------------------

316.500991 seconds (628.40 M allocations: 33.988 GiB, 3.63% gc time, 4 lock conflicts, 39.89% compilation time: <1% of which was recompilation)

------------------------
------Sampling PCFM------
Modelling: exa
Optimizer: MadNLPMOI.Optimizer
Backend: CPU(false)
------------------------

123.502405 seconds (250.55 M allocations: 19.918 GiB, 6.64% gc time, 28.16% compilation time)

------------------------
------Sampling PCFM------
Modelling: jump
Optimizer: MadNLPMOI.Optimizer
Backend: CPU(false)
------------------------

417.374123 seconds (1.75 G allocations: 150.342 GiB, 21.31% gc time, 1.93% compilation time: 1% of which was recompilation)

------------------------
------Sampling PCFM------
Modelling: jump
Optimizer: IpoptMathOptInterfaceExt.Optimizer
Backend: CPU(false)
------------------------

1077.744321 seconds (1.67 G allocations: 109.396 GiB, 7.63% gc time, 0.08% compilation time)
