============================================================
Burgers Equation — Functional Flow Matching
============================================================

[1/3] Creating FFM model...
  Model created successfully

[2/3] Loading checkpoint from: /orcd/home/002/txenakis/projects/18337/PCFM.jl/examples/checkpoints/ffm_burgers_checkpoint.jld2
  Loaded trained parameters and states

[3/3] Generating samples...
backend = CUDABackend(false, false)

------------------------
------Sampling PCFM------
Modelling: exa
Optimizer: MadNLPMOI.Optimizer
Backend: CUDABackend(false, false)
------------------------


------------------------
------Sampling PCFM------
Modelling: exa
Optimizer: MadNLPMOI.Optimizer
Backend: CUDABackend(false, false)
------------------------


------------------------
------Sampling PCFM------
Modelling: exa
Optimizer: MadNLPMOI.Optimizer
Backend: CUDABackend(false, false)
------------------------

BenchmarkTools.Trial: 1 sample with 1 evaluation per sample.
 Single result which took 152.134 s (0.35% GC) to evaluate,
 with a memory estimate of 1.40 GiB, over 16731216 allocations.

------------------------
------Sampling PCFM------
Modelling: exa
Optimizer: MadNLPMOI.Optimizer
Backend: CPU(false)
------------------------


------------------------
------Sampling PCFM------
Modelling: exa
Optimizer: MadNLPMOI.Optimizer
Backend: CPU(false)
------------------------


------------------------
------Sampling PCFM------
Modelling: exa
Optimizer: MadNLPMOI.Optimizer
Backend: CPU(false)
------------------------

BenchmarkTools.Trial: 1 sample with 1 evaluation per sample.
 Single result which took 104.135 s (3.33% GC) to evaluate,
 with a memory estimate of 11.26 GiB, over 894832 allocations.

------------------------
------Sampling PCFM------
Modelling: jump
Optimizer: MadNLPMOI.Optimizer
Backend: CPU(false)
------------------------


------------------------
------Sampling PCFM------
Modelling: jump
Optimizer: MadNLPMOI.Optimizer
Backend: CPU(false)
------------------------


------------------------
------Sampling PCFM------
Modelling: jump
Optimizer: MadNLPMOI.Optimizer
Backend: CPU(false)
------------------------

BenchmarkTools.Trial: 1 sample with 1 evaluation per sample.
 Single result which took 415.926 s (20.39% GC) to evaluate,
 with a memory estimate of 147.93 GiB, over 1711987574 allocations.

******************************************************************************
This program contains Ipopt, a library for large-scale nonlinear optimization.
 Ipopt is released as open source code under the Eclipse Public License (EPL).
         For more information visit https://github.com/coin-or/Ipopt
******************************************************************************


------------------------
------Sampling PCFM------
Modelling: jump
Optimizer: IpoptMathOptInterfaceExt.Optimizer
Backend: CPU(false)
------------------------


------------------------
------Sampling PCFM------
Modelling: jump
Optimizer: IpoptMathOptInterfaceExt.Optimizer
Backend: CPU(false)
------------------------


------------------------
------Sampling PCFM------
Modelling: jump
Optimizer: IpoptMathOptInterfaceExt.Optimizer
Backend: CPU(false)
------------------------

BenchmarkTools.Trial: 1 sample with 1 evaluation per sample.
 Single result which took 1155.968 s (7.47% GC) to evaluate,
 with a memory estimate of 108.22 GiB, over 1646629218 allocations.
BenchmarkTools.Trial: 2 samples with 1 evaluation per sample.
 Range (min … max):  3.892 s …    3.893 s  ┊ GC (min … max): 2.15% … 2.30%
 Time  (median):     3.892 s               ┊ GC (median):    2.23%
 Time  (mean ± σ):   3.892 s ± 725.129 μs  ┊ GC (mean ± σ):  2.23% ± 0.10%

  █                                                        █  
  █▁▁▁▁▁▁▁▁▁▁▁▁▁▁▁▁▁▁▁▁▁▁▁▁▁▁▁▁▁▁▁▁▁▁▁▁▁▁▁▁▁▁▁▁▁▁▁▁▁▁▁▁▁▁▁▁█ ▁
  3.89 s         Histogram: frequency by time         3.89 s <

 Memory estimate: 25.68 MiB, allocs estimate: 681676.
[ Info: ExaModels, MadNLP, GPU
[ Info: ExaModels, MadNLP, CPU
[ Info: JuMP, MadNLP
[ Info: JuMP, Ipopt
[ Info: FFM
[ Info: ExaModels, MadNLP, GPU
[ Info: ExaModels, MadNLP, CPU
[ Info: JuMP, MadNLP
[ Info: JuMP, Ipopt
[ Info: Reference IC: p_loc = 0.4822 (index 16 / 30)

------------------------
------Sampling PCFM------
Modelling: exa
Optimizer: MadNLPMOI.Optimizer
Backend: CUDABackend(false, false)
------------------------

151.864542 seconds (16.71 M allocations: 1.404 GiB, 0.36% gc time, 0.00% compilation time)

------------------------
------Sampling PCFM------
Modelling: exa
Optimizer: MadNLPMOI.Optimizer
Backend: CPU(false)
------------------------

104.691259 seconds (897.90 k allocations: 11.257 GiB, 3.50% gc time, 0.00% compilation time)

------------------------
------Sampling PCFM------
Modelling: jump
Optimizer: MadNLPMOI.Optimizer
Backend: CPU(false)
------------------------

412.583572 seconds (1.71 G allocations: 147.933 GiB, 20.52% gc time, 0.00% compilation time)

------------------------
------Sampling PCFM------
Modelling: jump
Optimizer: IpoptMathOptInterfaceExt.Optimizer
Backend: CPU(false)
------------------------

1142.764071 seconds (1.65 G allocations: 108.218 GiB, 7.16% gc time)
