Precompiling packages...
  28544.4 ms  ✓ PCFM
  1 dependency successfully precompiled in 72 seconds. 625 already precompiled.
[ Info: BurgersBCMass LBFGS
[ Info: BurgersBCMass LBFGS
[ Info: BurgersBCMass LBFGS
[ Info: Reference IC: p_loc = 0.4822 (index 16 / 30)
ERROR: LoadError: UndefVarError: `samples_lbfgs` not defined in `Main`
Suggestion: check for spelling errors or missing imports.
Stacktrace:
 [1] top-level scope
   @ /orcd/home/002/txenakis/projects/18337/PCFM.jl/examples/infer_burgers_BC_alaina.jl:118
 [2] include(mod::Module, _path::String)
   @ Base ./Base.jl:306
 [3] exec_options(opts::Base.JLOptions)
   @ Base ./client.jl:317
 [4] _start()
   @ Base ./client.jl:550
in expression starting at /orcd/home/002/txenakis/projects/18337/PCFM.jl/examples/infer_burgers_BC_alaina.jl:118
============================================================
Burgers BC — Functional Flow Matching (Alaina solvers)
============================================================

[1/3] Creating FFM model...
  Model created successfully

[2/3] Loading checkpoint from: /orcd/home/002/txenakis/projects/18337/PCFM.jl/examples/checkpoints/ffm_burgers_checkpoint.jld2
  Loaded trained parameters and states

[3/3] Generating samples...
PCFM step: 0/100
PCFM step: 5/100
PCFM step: 10/100
PCFM step: 15/100
PCFM step: 20/100
PCFM step: 25/100
PCFM step: 30/100
PCFM step: 35/100
PCFM step: 40/100
PCFM step: 45/100
PCFM step: 50/100
PCFM step: 55/100
PCFM step: 60/100
PCFM step: 65/100
PCFM step: 70/100
PCFM step: 75/100
PCFM step: 80/100
PCFM step: 85/100
PCFM step: 90/100
PCFM step: 95/100
194.674689 seconds (455.21 M allocations: 546.656 GiB, 20.55% gc time, 1 lock conflict, 18.88% compilation time: 3% of which was recompilation)
PCFM step: 0/100
PCFM step: 5/100
PCFM step: 10/100
PCFM step: 15/100
PCFM step: 20/100
PCFM step: 25/100
PCFM step: 30/100
PCFM step: 35/100
PCFM step: 40/100
PCFM step: 45/100
PCFM step: 50/100
PCFM step: 55/100
PCFM step: 60/100
PCFM step: 65/100
PCFM step: 70/100
PCFM step: 75/100
PCFM step: 80/100
PCFM step: 85/100
PCFM step: 90/100
PCFM step: 95/100
162.612620 seconds (316.27 M allocations: 537.322 GiB, 25.62% gc time)
PCFM step: 0/100
PCFM step: 5/100
PCFM step: 10/100
PCFM step: 15/100
PCFM step: 20/100
PCFM step: 25/100
PCFM step: 30/100
PCFM step: 35/100
PCFM step: 40/100
PCFM step: 45/100
PCFM step: 50/100
PCFM step: 55/100
PCFM step: 60/100
PCFM step: 65/100
PCFM step: 70/100
PCFM step: 75/100
PCFM step: 80/100
PCFM step: 85/100
PCFM step: 90/100
PCFM step: 95/100
152.824479 seconds (312.83 M allocations: 532.691 GiB, 24.05% gc time)
