
******************************************************************************
This program contains Ipopt, a library for large-scale nonlinear optimization.
 Ipopt is released as open source code under the Eclipse Public License (EPL).
         For more information visit https://github.com/coin-or/Ipopt
******************************************************************************

Precompiling packages...
    CUDA_Runtime_jll Being precompiled by another machine (hostname: node4106, pid: 1380320, pidfile: /home/txenakis/.julia/compiled/v1.12/CUDA_Runtime_jll/Hs50y_iKL7m.ji.pidfile)
    Reactant_jll Being precompiled by another process (pid: 0, pidfile: /home/txenakis/.julia/compiled/v1.12/Reactant_jll/ilCai_iKL7m.ji.pidfile)
  10493.4 ms  ✓ CUDA_Runtime_jll
    CUDSS_jll Being precompiled by another machine (hostname: node4106, pid: 1380320, pidfile: /home/txenakis/.julia/compiled/v1.12/CUDSS_jll/zjbKf_iKL7m.ji.pidfile)
    CUDNN_jll Being precompiled by another machine (hostname: node4106, pid: 1380320, pidfile: /home/txenakis/.julia/compiled/v1.12/CUDNN_jll/wC1gq_iKL7m.ji.pidfile)
    CUDA_Compiler_jll Being precompiled by another machine (hostname: node4106, pid: 1380320, pidfile: /home/txenakis/.julia/compiled/v1.12/CUDA_Compiler_jll/ljFRe_iKL7m.ji.pidfile)
  10252.2 ms  ✓ Reactant_jll
    Reactant Being precompiled by another machine (hostname: node4106, pid: 1380320, pidfile: /home/txenakis/.julia/compiled/v1.12/Reactant/p9PzF_iKL7m.ji.pidfile)
  10249.6 ms  ✓ CUDSS_jll
  10640.5 ms  ✓ CUDA_Compiler_jll
  10657.3 ms  ✓ CUDNN_jll
    CUDA Being precompiled by another machine (hostname: node4106, pid: 1380320, pidfile: /home/txenakis/.julia/compiled/v1.12/CUDA/oWw5k_iKL7m.ji.pidfile)
  31483.5 ms  ✓ CUDA
    CUDA → SpecialFunctionsExt Being precompiled by another machine (hostname: node4106, pid: 1380320, pidfile: /home/txenakis/.julia/compiled/v1.12/SpecialFunctionsExt/9h4VD_iKL7m.ji.pidfile)
    Atomix → AtomixCUDAExt Being precompiled by another machine (hostname: node4106, pid: 1380320, pidfile: /home/txenakis/.julia/compiled/v1.12/AtomixCUDAExt/B0Tg4_iKL7m.ji.pidfile)
    CUDA → ChainRulesCoreExt Being precompiled by another machine (hostname: node4106, pid: 1380320, pidfile: /home/txenakis/.julia/compiled/v1.12/ChainRulesCoreExt/S7fZn_iKL7m.ji.pidfile)
    CUDA → EnzymeCoreExt Being precompiled by another machine (hostname: node4106, pid: 1380320, pidfile: /home/txenakis/.julia/compiled/v1.12/EnzymeCoreExt/10xBC_iKL7m.ji.pidfile)
    ArrayInterface → ArrayInterfaceCUDAExt Being precompiled by another machine (hostname: node4106, pid: 1380320, pidfile: /home/txenakis/.julia/compiled/v1.12/ArrayInterfaceCUDAExt/NVvya_iKL7m.ji.pidfile)
    LinearOperators → LinearOperatorsCUDAExt Being precompiled by another machine (hostname: node4106, pid: 1380320, pidfile: /home/txenakis/.julia/compiled/v1.12/LinearOperatorsCUDAExt/6oIL2_iKL7m.ji.pidfile)
    ExaModels → ExaModelsCUDA Being precompiled by another machine (hostname: node4106, pid: 1380320, pidfile: /home/txenakis/.julia/compiled/v1.12/ExaModelsCUDA/hUNa5_iKL7m.ji.pidfile)
    MLDataDevices → CUDAExt Being precompiled by another machine (hostname: node4106, pid: 1380320, pidfile: /home/txenakis/.julia/compiled/v1.12/CUDAExt/DN91M_iKL7m.ji.pidfile)
    WeightInitializers → CUDAExt Being precompiled by another machine (hostname: node4106, pid: 1380320, pidfile: /home/txenakis/.julia/compiled/v1.12/CUDAExt/nLRVD_iKL7m.ji.pidfile)
    NNlib → NNlibCUDAExt Being precompiled by another machine (hostname: node4106, pid: 1380320, pidfile: /home/txenakis/.julia/compiled/v1.12/NNlibCUDAExt/Ieugx_iKL7m.ji.pidfile)
    LuxLib → CUDAExt Being precompiled by another machine (hostname: node4106, pid: 1380320, pidfile: /home/txenakis/.julia/compiled/v1.12/CUDAExt/TxhSm_iKL7m.ji.pidfile)
  10825.1 ms  ✓ CUDA → SpecialFunctionsExt
  20069.4 ms  ✓ LuxLib → CUDAExt
  20081.5 ms  ✓ NNlib → NNlibCUDAExt
  20102.2 ms  ✓ WeightInitializers → CUDAExt
  20111.4 ms  ✓ MLDataDevices → CUDAExt
  20121.5 ms  ✓ ExaModels → ExaModelsCUDA
  20148.6 ms  ✓ LinearOperators → LinearOperatorsCUDAExt
  20158.2 ms  ✓ ArrayInterface → ArrayInterfaceCUDAExt
  20170.8 ms  ✓ CUDA → EnzymeCoreExt
  20180.2 ms  ✓ CUDA → ChainRulesCoreExt
  20189.7 ms  ✓ Atomix → AtomixCUDAExt
    NNlib → NNlibCUDACUDNNExt Being precompiled by another machine (hostname: node4106, pid: 1380320, pidfile: /home/txenakis/.julia/compiled/v1.12/NNlibCUDACUDNNExt/FP69L_iKL7m.ji.pidfile)
    LuxLib → cuDNNExt Being precompiled by another machine (hostname: node4106, pid: 1380320, pidfile: /home/txenakis/.julia/compiled/v1.12/cuDNNExt/af0b6_iKL7m.ji.pidfile)
  10901.1 ms  ✓ NNlib → NNlibCUDACUDNNExt
  12350.4 ms  ✓ LuxLib → cuDNNExt
 103628.2 ms  ✓ Reactant
    Reactant → ReactantStaticArraysExt Being precompiled by another machine (hostname: node4106, pid: 1380320, pidfile: /home/txenakis/.julia/compiled/v1.12/ReactantStaticArraysExt/2xrgN_iKL7m.ji.pidfile)
    Reactant → ReactantStatisticsExt Being precompiled by another machine (hostname: node4106, pid: 1380320, pidfile: /home/txenakis/.julia/compiled/v1.12/ReactantStatisticsExt/Z1GLk_iKL7m.ji.pidfile)
    Reactant → ReactantRandom123Ext Being precompiled by another machine (hostname: node4106, pid: 1380320, pidfile: /home/txenakis/.julia/compiled/v1.12/ReactantRandom123Ext/BoKLZ_iKL7m.ji.pidfile)
    Reactant → ReactantSparseArraysExt Being precompiled by another machine (hostname: node4106, pid: 1380320, pidfile: /home/txenakis/.julia/compiled/v1.12/ReactantSparseArraysExt/5Ok02_iKL7m.ji.pidfile)
    Reactant → ReactantKernelAbstractionsExt Being precompiled by another machine (hostname: node4106, pid: 1380320, pidfile: /home/txenakis/.julia/compiled/v1.12/ReactantKernelAbstractionsExt/uwupe_iKL7m.ji.pidfile)
    Reactant → ReactantStructArraysExt Being precompiled by another machine (hostname: node4106, pid: 1380320, pidfile: /home/txenakis/.julia/compiled/v1.12/ReactantStructArraysExt/pUcRo_iKL7m.ji.pidfile)
    Reactant → ReactantFillArraysExt Being precompiled by another machine (hostname: node4106, pid: 1380320, pidfile: /home/txenakis/.julia/compiled/v1.12/ReactantFillArraysExt/NLWKR_iKL7m.ji.pidfile)
    Reactant → ReactantLogExpFunctionsExt Being precompiled by another machine (hostname: node4106, pid: 1380320, pidfile: /home/txenakis/.julia/compiled/v1.12/ReactantLogExpFunctionsExt/AhrdC_iKL7m.ji.pidfile)
    Reactant → ReactantSpecialFunctionsExt Being precompiled by another machine (hostname: node4106, pid: 1380320, pidfile: /home/txenakis/.julia/compiled/v1.12/ReactantSpecialFunctionsExt/TW9on_iKL7m.ji.pidfile)
    Reactant → ReactantAbstractFFTsExt Being precompiled by another machine (hostname: node4106, pid: 1380320, pidfile: /home/txenakis/.julia/compiled/v1.12/ReactantAbstractFFTsExt/KKk9m_iKL7m.ji.pidfile)
    Reactant → ReactantArrayInterfaceExt Being precompiled by another machine (hostname: node4106, pid: 1380320, pidfile: /home/txenakis/.julia/compiled/v1.12/ReactantArrayInterfaceExt/8iMAd_iKL7m.ji.pidfile)
    Reactant → ReactantOffsetArraysExt Being precompiled by another machine (hostname: node4106, pid: 1380320, pidfile: /home/txenakis/.julia/compiled/v1.12/ReactantOffsetArraysExt/Ot5Ob_iKL7m.ji.pidfile)
    Reactant → ReactantDatesExt Being precompiled by another machine (hostname: node4106, pid: 1380320, pidfile: /home/txenakis/.julia/compiled/v1.12/ReactantDatesExt/fOpVJ_iKL7m.ji.pidfile)
    LuxCore → ReactantExt Being precompiled by another machine (hostname: node4106, pid: 1380320, pidfile: /home/txenakis/.julia/compiled/v1.12/ReactantExt/xAlQS_iKL7m.ji.pidfile)
    Optimisers → OptimisersReactantExt Being precompiled by another machine (hostname: node4106, pid: 1380320, pidfile: /home/txenakis/.julia/compiled/v1.12/OptimisersReactantExt/rhjvv_iKL7m.ji.pidfile)
    MLDataDevices → ReactantExt Being precompiled by another machine (hostname: node4106, pid: 1380320, pidfile: /home/txenakis/.julia/compiled/v1.12/ReactantExt/w1wxA_iKL7m.ji.pidfile)
   8037.0 ms  ✓ WeightInitializers → ReactantExt
   7996.8 ms  ✓ LuxLib → ReactantExt
   9641.6 ms  ✓ Lux → ReactantExt
  21249.8 ms  ✓ Reactant → ReactantStaticArraysExt
  36083.5 ms  ✓ MLDataDevices → ReactantExt
  36101.7 ms  ✓ Optimisers → OptimisersReactantExt
  36118.3 ms  ✓ LuxCore → ReactantExt
  36129.8 ms  ✓ Reactant → ReactantDatesExt
  36147.9 ms  ✓ Reactant → ReactantOffsetArraysExt
  36157.4 ms  ✓ Reactant → ReactantArrayInterfaceExt
  36166.2 ms  ✓ Reactant → ReactantAbstractFFTsExt
  36175.6 ms  ✓ Reactant → ReactantSpecialFunctionsExt
  36185.4 ms  ✓ Reactant → ReactantLogExpFunctionsExt
  36195.3 ms  ✓ Reactant → ReactantFillArraysExt
  36206.5 ms  ✓ Reactant → ReactantStructArraysExt
  36216.4 ms  ✓ Reactant → ReactantKernelAbstractionsExt
  36226.7 ms  ✓ Reactant → ReactantSparseArraysExt
  36239.7 ms  ✓ Reactant → ReactantRandom123Ext
  36248.5 ms  ✓ Reactant → ReactantStatisticsExt
    PCFM Being precompiled by another machine (hostname: node4106, pid: 1380320, pidfile: /home/txenakis/.julia/compiled/v1.12/PCFM/zZAhp_iKL7m.ji.pidfile)
    Reactant → ReactantCUDAExt Being precompiled by another machine (hostname: node4106, pid: 1380320, pidfile: /home/txenakis/.julia/compiled/v1.12/ReactantCUDAExt/7hFG2_iKL7m.ji.pidfile)
  32017.5 ms  ✓ Reactant → ReactantCUDAExt
  54980.2 ms  ✓ PCFM
  41 dependencies successfully precompiled in 224 seconds. 518 already precompiled.
[ Info: ExaModels, MadNLP, GPU
[ Info: ExaModels, MadNLP, CPU
[ Info: JuMP, MadNLP
[ Info: JuMP, Ipopt
[ Info: ExaModels, MadNLP, GPU
[ Info: ExaModels, MadNLP, CPU
[ Info: JuMP, MadNLP
[ Info: JuMP, Ipopt
============================================================
Heat Equation — Functional Flow Matching
============================================================

[2/5] Creating FFM model...
  Model created successfully

[3/5] Loading checkpoint from: /orcd/home/002/txenakis/projects/18337/PCFM.jl/examples/checkpoints/ffm_heat_checkpoint.jld2
  Loaded trained parameters and states

[5/5] Generating samples...

------------------------
------Sampling PCFM------
Modelling: exa
Optimizer: MadNLPMOI.Optimizer
Backend: CUDABackend(false, false)
------------------------


------------------------
------Sampling PCFM------
Modelling: exa
Optimizer: MadNLPMOI.Optimizer
Backend: CUDABackend(false, false)
------------------------


------------------------
------Sampling PCFM------
Modelling: exa
Optimizer: MadNLPMOI.Optimizer
Backend: CUDABackend(false, false)
------------------------

BenchmarkTools.Trial: 1 sample with 1 evaluation per sample.
 Single result which took 11.523 s (2.31% GC) to evaluate,
 with a memory estimate of 392.65 MiB, over 5151972 allocations.

------------------------
------Sampling PCFM------
Modelling: exa
Optimizer: MadNLPMOI.Optimizer
Backend: CPU(false)
------------------------


------------------------
------Sampling PCFM------
Modelling: exa
Optimizer: MadNLPMOI.Optimizer
Backend: CPU(false)
------------------------


------------------------
------Sampling PCFM------
Modelling: exa
Optimizer: MadNLPMOI.Optimizer
Backend: CPU(false)
------------------------

BenchmarkTools.Trial: 1 sample with 1 evaluation per sample.
 Single result which took 14.219 s (7.31% GC) to evaluate,
 with a memory estimate of 2.62 GiB, over 754411 allocations.

------------------------
------Sampling PCFM------
Modelling: jump
Optimizer: MadNLPMOI.Optimizer
Backend: CPU(false)
------------------------


------------------------
------Sampling PCFM------
Modelling: jump
Optimizer: MadNLPMOI.Optimizer
Backend: CPU(false)
------------------------


------------------------
------Sampling PCFM------
Modelling: jump
Optimizer: MadNLPMOI.Optimizer
Backend: CPU(false)
------------------------

BenchmarkTools.Trial: 1 sample with 1 evaluation per sample.
 Single result which took 131.624 s (30.68% GC) to evaluate,
 with a memory estimate of 111.64 GiB, over 1619922113 allocations.

------------------------
------Sampling PCFM------
Modelling: jump
Optimizer: IpoptMathOptInterfaceExt.Optimizer
Backend: CPU(false)
------------------------


------------------------
------Sampling PCFM------
Modelling: jump
Optimizer: IpoptMathOptInterfaceExt.Optimizer
Backend: CPU(false)
------------------------


------------------------
------Sampling PCFM------
Modelling: jump
Optimizer: IpoptMathOptInterfaceExt.Optimizer
Backend: CPU(false)
------------------------

BenchmarkTools.Trial: 1 sample with 1 evaluation per sample.
 Single result which took 181.815 s (22.44% GC) to evaluate,
 with a memory estimate of 94.15 GiB, over 1555891150 allocations.

------------------------
------Sampling PCFM------
Modelling: exa
Optimizer: MadNLPMOI.Optimizer
Backend: CUDABackend(false, false)
------------------------

 12.324070 seconds (5.20 M allocations: 393.669 MiB, 9.40% gc time, 0.04% compilation time)

------------------------
------Sampling PCFM------
Modelling: exa
Optimizer: MadNLPMOI.Optimizer
Backend: CPU(false)
------------------------

 14.064813 seconds (756.04 k allocations: 2.617 GiB, 8.00% gc time, 0.03% compilation time)

------------------------
------Sampling PCFM------
Modelling: jump
Optimizer: MadNLPMOI.Optimizer
Backend: CPU(false)
------------------------

135.522910 seconds (1.62 G allocations: 111.636 GiB, 31.34% gc time, 0.00% compilation time)

------------------------
------Sampling PCFM------
Modelling: jump
Optimizer: IpoptMathOptInterfaceExt.Optimizer
Backend: CPU(false)
------------------------

174.897408 seconds (1.56 G allocations: 94.151 GiB, 21.86% gc time)
