
******************************************************************************
This program contains Ipopt, a library for large-scale nonlinear optimization.
 Ipopt is released as open source code under the Eclipse Public License (EPL).
         For more information visit https://github.com/coin-or/Ipopt
******************************************************************************

Precompiling packages...
  16344.9 ms  ✓ PCFM
  1 dependency successfully precompiled in 31 seconds. 558 already precompiled.
[ Info: ExaModels, MadNLP, GPU
[ Info: ExaModels, MadNLP, CPU
[ Info: JuMP, MadNLP
[ Info: JuMP, Ipopt
[ Info: ExaModels, MadNLP, GPU
[ Info: ExaModels, MadNLP, CPU
[ Info: JuMP, MadNLP
[ Info: JuMP, Ipopt
============================================================
Heat Equation — Functional Flow Matching
============================================================

[2/5] Creating FFM model...
  Model created successfully

[3/5] Loading checkpoint from: /orcd/home/002/txenakis/projects/18337/PCFM.jl/examples/checkpoints/ffm_heat_checkpoint.jld2
  Loaded trained parameters and states

[5/5] Generating samples...

------------------------
------Sampling PCFM------
Modelling: exa
Optimizer: MadNLPMOI.Optimizer
Backend: CUDABackend(false, false)
------------------------


------------------------
------Sampling PCFM------
Modelling: exa
Optimizer: MadNLPMOI.Optimizer
Backend: CUDABackend(false, false)
------------------------


------------------------
------Sampling PCFM------
Modelling: exa
Optimizer: MadNLPMOI.Optimizer
Backend: CUDABackend(false, false)
------------------------

BenchmarkTools.Trial: 1 sample with 1 evaluation per sample.
 Single result which took 100.225 s (15.66% GC) to evaluate,
 with a memory estimate of 1.41 GiB, over 6500249 allocations.

------------------------
------Sampling PCFM------
Modelling: exa
Optimizer: MadNLPMOI.Optimizer
Backend: CPU(false)
------------------------


------------------------
------Sampling PCFM------
Modelling: exa
Optimizer: MadNLPMOI.Optimizer
Backend: CPU(false)
------------------------


------------------------
------Sampling PCFM------
Modelling: exa
Optimizer: MadNLPMOI.Optimizer
Backend: CPU(false)
------------------------

BenchmarkTools.Trial: 1 sample with 1 evaluation per sample.
 Single result which took 122.073 s (4.03% GC) to evaluate,
 with a memory estimate of 20.65 GiB, over 754507 allocations.

------------------------
------Sampling PCFM------
Modelling: jump
Optimizer: MadNLPMOI.Optimizer
Backend: CPU(false)
------------------------


------------------------
------Sampling PCFM------
Modelling: jump
Optimizer: MadNLPMOI.Optimizer
Backend: CPU(false)
------------------------


------------------------
------Sampling PCFM------
Modelling: jump
Optimizer: MadNLPMOI.Optimizer
Backend: CPU(false)
------------------------

BenchmarkTools.Trial: 1 sample with 1 evaluation per sample.
 Single result which took 1498.213 s (32.68% GC) to evaluate,
 with a memory estimate of 910.80 GiB, over 12944631492 allocations.

------------------------
------Sampling PCFM------
Modelling: jump
Optimizer: IpoptMathOptInterfaceExt.Optimizer
Backend: CPU(false)
------------------------


------------------------
------Sampling PCFM------
Modelling: jump
Optimizer: IpoptMathOptInterfaceExt.Optimizer
Backend: CPU(false)
------------------------


------------------------
------Sampling PCFM------
Modelling: jump
Optimizer: IpoptMathOptInterfaceExt.Optimizer
Backend: CPU(false)
------------------------

BenchmarkTools.Trial: 1 sample with 1 evaluation per sample.
 Single result which took 1890.998 s (25.21% GC) to evaluate,
 with a memory estimate of 771.70 GiB, over 12432600195 allocations.

------------------------
------Sampling PCFM------
Modelling: exa
Optimizer: MadNLPMOI.Optimizer
Backend: CUDABackend(false, false)
------------------------

101.853209 seconds (6.54 M allocations: 1.407 GiB, 16.82% gc time, 0.05% compilation time)

------------------------
------Sampling PCFM------
Modelling: exa
Optimizer: MadNLPMOI.Optimizer
Backend: CPU(false)
------------------------

128.160337 seconds (754.86 k allocations: 20.646 GiB, 3.16% gc time, 0.00% compilation time)

------------------------
------Sampling PCFM------
Modelling: jump
Optimizer: MadNLPMOI.Optimizer
Backend: CPU(false)
------------------------

1512.831222 seconds (12.94 G allocations: 910.801 GiB, 32.91% gc time, 0.00% compilation time)

------------------------
------Sampling PCFM------
Modelling: jump
Optimizer: IpoptMathOptInterfaceExt.Optimizer
Backend: CPU(false)
------------------------

1902.835979 seconds (12.43 G allocations: 771.699 GiB, 25.55% gc time)
