
******************************************************************************
This program contains Ipopt, a library for large-scale nonlinear optimization.
 Ipopt is released as open source code under the Eclipse Public License (EPL).
         For more information visit https://github.com/coin-or/Ipopt
******************************************************************************

Precompiling packages...
   6637.7 ms  ✓ Reactant_jll
   7616.8 ms  ✓ CUDA_Runtime_jll
   5274.3 ms  ✓ CUDNN_jll
   5267.8 ms  ✓ CUDA_Compiler_jll
   5320.1 ms  ✓ CUDSS_jll
  32894.4 ms  ✓ CUDA
  12620.0 ms  ✓ Atomix → AtomixCUDAExt
  12898.9 ms  ✓ CUDA → ChainRulesCoreExt
  13008.6 ms  ✓ ExaModels → ExaModelsCUDA
  13042.1 ms  ✓ CUDA → EnzymeCoreExt
  13020.8 ms  ✓ LinearOperators → LinearOperatorsCUDAExt
  13087.3 ms  ✓ MLDataDevices → CUDAExt
  13273.4 ms  ✓ CUDA → SpecialFunctionsExt
  13315.4 ms  ✓ ArrayInterface → ArrayInterfaceCUDAExt
  13195.3 ms  ✓ WeightInitializers → CUDAExt
  14283.3 ms  ✓ NNlib → NNlibCUDAExt
  14831.7 ms  ✓ LuxLib → CUDAExt
   5506.8 ms  ✓ CUDSS
   5351.8 ms  ✓ LuxLib → CUDAForwardDiffExt
   7918.4 ms  ✓ cuDNN
   5279.3 ms  ✓ ArrayInterface → ArrayInterfaceCUDSSExt
   7626.4 ms  ✓ MadNLPGPU
   5726.0 ms  ✓ MLDataDevices → cuDNNExt
   6206.6 ms  ✓ NNlib → NNlibCUDACUDNNExt
   6502.0 ms  ✓ LuxLib → cuDNNExt
 104703.0 ms  ✓ Reactant
  17256.6 ms  ✓ MLDataDevices → ReactantExt
  18151.2 ms  ✓ Reactant → ReactantOffsetArraysExt
  18482.4 ms  ✓ Reactant → ReactantSparseArraysExt
  18319.6 ms  ✓ LuxCore → ReactantExt
  18464.8 ms  ✓ Reactant → ReactantLogExpFunctionsExt
  18538.4 ms  ✓ Reactant → ReactantRandom123Ext
  18610.3 ms  ✓ Reactant → ReactantFillArraysExt
  18576.0 ms  ✓ Reactant → ReactantDatesExt
  18659.6 ms  ✓ Reactant → ReactantSpecialFunctionsExt
  18634.2 ms  ✓ Reactant → ReactantArrayInterfaceExt
  18863.8 ms  ✓ Reactant → ReactantStatisticsExt
  18818.5 ms  ✓ Reactant → ReactantAbstractFFTsExt
  18989.9 ms  ✓ Reactant → ReactantStructArraysExt
  19224.5 ms  ✓ Reactant → ReactantStaticArraysExt
  19243.6 ms  ✓ Reactant → ReactantKernelAbstractionsExt
  20557.9 ms  ✓ Optimisers → OptimisersReactantExt
   9738.5 ms  ✓ WeightInitializers → ReactantExt
   8481.8 ms  ✓ Reactant → ReactantFFTWExt
   9346.7 ms  ✓ LuxLib → ReactantExt
   9014.1 ms  ✓ Reactant → ReactantNNlibExt
  11798.1 ms  ✓ Lux → ReactantExt
  43223.2 ms  ✓ Reactant → ReactantCUDAExt
  58902.4 ms  ✓ PCFM
  49 dependencies successfully precompiled in 216 seconds. 510 already precompiled.
[ Info: ExaModels, MadNLP, GPU
[ Info: ExaModels, MadNLP, CPU
[ Info: JuMP, MadNLP
[ Info: JuMP, Ipopt
[ Info: ExaModels, MadNLP, GPU
[ Info: ExaModels, MadNLP, CPU
[ Info: JuMP, MadNLP
[ Info: JuMP, Ipopt
============================================================
Heat Equation — Functional Flow Matching
============================================================

[2/5] Creating FFM model...
  Model created successfully

[3/5] Loading checkpoint from: /orcd/home/002/txenakis/projects/18337/PCFM.jl/examples/checkpoints/ffm_heat_checkpoint.jld2
  Loaded trained parameters and states

[5/5] Generating samples...

------------------------
------Sampling PCFM------
Modelling: exa
Optimizer: MadNLPMOI.Optimizer
Backend: CUDABackend(false, false)
------------------------


------------------------
------Sampling PCFM------
Modelling: exa
Optimizer: MadNLPMOI.Optimizer
Backend: CUDABackend(false, false)
------------------------


------------------------
------Sampling PCFM------
Modelling: exa
Optimizer: MadNLPMOI.Optimizer
Backend: CUDABackend(false, false)
------------------------

BenchmarkTools.Trial: 1 sample with 1 evaluation per sample.
 Single result which took 11.626 s (3.15% GC) to evaluate,
 with a memory estimate of 392.22 MiB, over 5123636 allocations.

------------------------
------Sampling PCFM------
Modelling: exa
Optimizer: MadNLPMOI.Optimizer
Backend: CPU(false)
------------------------


------------------------
------Sampling PCFM------
Modelling: exa
Optimizer: MadNLPMOI.Optimizer
Backend: CPU(false)
------------------------


------------------------
------Sampling PCFM------
Modelling: exa
Optimizer: MadNLPMOI.Optimizer
Backend: CPU(false)
------------------------

BenchmarkTools.Trial: 1 sample with 1 evaluation per sample.
 Single result which took 14.319 s (8.17% GC) to evaluate,
 with a memory estimate of 2.62 GiB, over 754402 allocations.

------------------------
------Sampling PCFM------
Modelling: jump
Optimizer: MadNLPMOI.Optimizer
Backend: CPU(false)
------------------------


------------------------
------Sampling PCFM------
Modelling: jump
Optimizer: MadNLPMOI.Optimizer
Backend: CPU(false)
------------------------


------------------------
------Sampling PCFM------
Modelling: jump
Optimizer: MadNLPMOI.Optimizer
Backend: CPU(false)
------------------------

BenchmarkTools.Trial: 1 sample with 1 evaluation per sample.
 Single result which took 140.339 s (31.05% GC) to evaluate,
 with a memory estimate of 111.64 GiB, over 1619922519 allocations.

------------------------
------Sampling PCFM------
Modelling: jump
Optimizer: IpoptMathOptInterfaceExt.Optimizer
Backend: CPU(false)
------------------------


------------------------
------Sampling PCFM------
Modelling: jump
Optimizer: IpoptMathOptInterfaceExt.Optimizer
Backend: CPU(false)
------------------------


------------------------
------Sampling PCFM------
Modelling: jump
Optimizer: IpoptMathOptInterfaceExt.Optimizer
Backend: CPU(false)
------------------------

BenchmarkTools.Trial: 1 sample with 1 evaluation per sample.
 Single result which took 186.766 s (22.80% GC) to evaluate,
 with a memory estimate of 94.15 GiB, over 1555891150 allocations.

------------------------
------Sampling PCFM------
Modelling: exa
Optimizer: MadNLPMOI.Optimizer
Backend: CUDABackend(false, false)
------------------------

 11.637148 seconds (5.18 M allocations: 393.691 MiB, 3.59% gc time, 0.27% compilation time)

------------------------
------Sampling PCFM------
Modelling: exa
Optimizer: MadNLPMOI.Optimizer
Backend: CPU(false)
------------------------

 14.395731 seconds (756.06 k allocations: 2.617 GiB, 8.58% gc time, 0.03% compilation time)

------------------------
------Sampling PCFM------
Modelling: jump
Optimizer: MadNLPMOI.Optimizer
Backend: CPU(false)
------------------------

142.912773 seconds (1.62 G allocations: 111.636 GiB, 32.00% gc time, 0.00% compilation time)

------------------------
------Sampling PCFM------
Modelling: jump
Optimizer: IpoptMathOptInterfaceExt.Optimizer
Backend: CPU(false)
------------------------

185.111463 seconds (1.56 G allocations: 94.151 GiB, 22.27% gc time)
