
******************************************************************************
This program contains Ipopt, a library for large-scale nonlinear optimization.
 Ipopt is released as open source code under the Eclipse Public License (EPL).
         For more information visit https://github.com/coin-or/Ipopt
******************************************************************************

Precompiling packages...
  14743.6 ms  ✓ PCFM
  1 dependency successfully precompiled in 33 seconds. 625 already precompiled.
[ Info: ExaModels, MadNLP, GPU
[ Info: ExaModels, MadNLP, CPU
[ Info: JuMP, MadNLP
[ Info: JuMP, Ipopt
============================================================
Heat Equation — Functional Flow Matching
============================================================

[2/5] Creating FFM model...
  Model created successfully

[3/5] Loading checkpoint from: /orcd/home/002/txenakis/projects/18337/PCFM.jl/examples/checkpoints/ffm_heat_checkpoint.jld2
  Loaded trained parameters and states

[5/5] Generating samples...

------------------------
------Sampling PCFM------
Modelling: exa
Optimizer: MadNLPMOI.Optimizer
Backend: CUDABackend(false, false)
------------------------

186.114049 seconds (574.63 M allocations: 31.173 GiB, 5.85% gc time, 4 lock conflicts, 64.02% compilation time: <1% of which was recompilation)

------------------------
------Sampling PCFM------
Modelling: exa
Optimizer: MadNLPMOI.Optimizer
Backend: CPU(false)
------------------------

 53.005718 seconds (175.45 M allocations: 10.843 GiB, 8.93% gc time, 53.96% compilation time)

------------------------
------Sampling PCFM------
Modelling: jump
Optimizer: MadNLPMOI.Optimizer
Backend: CPU(false)
------------------------

138.423962 seconds (1.65 G allocations: 113.615 GiB, 31.59% gc time, 5.27% compilation time: 2% of which was recompilation)

------------------------
------Sampling PCFM------
Modelling: jump
Optimizer: IpoptMathOptInterfaceExt.Optimizer
Backend: CPU(false)
------------------------

172.383457 seconds (1.57 G allocations: 95.183 GiB, 22.89% gc time, 0.47% compilation time)
