Precompiling packages...
   4442.1 ms  ✓ CUDA_Runtime_jll
   3978.8 ms  ✓ Reactant_jll
   1919.4 ms  ✓ CUDA_Compiler_jll
   2241.6 ms  ✓ CUDSS_jll
   2231.5 ms  ✓ CUDNN_jll
  32353.0 ms  ✓ CUDA
  10325.2 ms  ✓ ExaModels → ExaModelsCUDA
  10573.6 ms  ✓ Atomix → AtomixCUDAExt
  10534.9 ms  ✓ LinearOperators → LinearOperatorsCUDAExt
  10873.4 ms  ✓ CUDA → EnzymeCoreExt
  10850.5 ms  ✓ MLDataDevices → CUDAExt
  11089.8 ms  ✓ ArrayInterface → ArrayInterfaceCUDAExt
  11162.1 ms  ✓ CUDA → ChainRulesCoreExt
  11218.2 ms  ✓ CUDA → SpecialFunctionsExt
  11292.6 ms  ✓ WeightInitializers → CUDAExt
  12187.4 ms  ✓ NNlib → NNlibCUDAExt
  12446.2 ms  ✓ LuxLib → CUDAExt
   5194.2 ms  ✓ CUDSS
   6717.2 ms  ✓ cuDNN
   4964.5 ms  ✓ LuxLib → CUDAForwardDiffExt
   4820.1 ms  ✓ ArrayInterface → ArrayInterfaceCUDSSExt
   4821.0 ms  ✓ MLDataDevices → cuDNNExt
   5329.5 ms  ✓ LuxLib → cuDNNExt
   5531.4 ms  ✓ NNlib → NNlibCUDACUDNNExt
   7088.5 ms  ✓ MadNLPGPU
 102215.3 ms  ✓ Reactant
  17045.2 ms  ✓ Reactant → ReactantSpecialFunctionsExt
  17334.8 ms  ✓ Reactant → ReactantArrayInterfaceExt
  17723.1 ms  ✓ MLDataDevices → ReactantExt
  18212.8 ms  ✓ Reactant → ReactantFillArraysExt
  18263.6 ms  ✓ Reactant → ReactantRandom123Ext
  18055.3 ms  ✓ LuxCore → ReactantExt
  18100.4 ms  ✓ Reactant → ReactantOffsetArraysExt
  18250.6 ms  ✓ Reactant → ReactantStructArraysExt
  18180.7 ms  ✓ Reactant → ReactantAbstractFFTsExt
  18258.0 ms  ✓ Reactant → ReactantLogExpFunctionsExt
  18360.6 ms  ✓ Reactant → ReactantSparseArraysExt
  18527.6 ms  ✓ Reactant → ReactantStaticArraysExt
  18607.2 ms  ✓ Reactant → ReactantStatisticsExt
  18575.4 ms  ✓ Reactant → ReactantDatesExt
  18787.6 ms  ✓ Reactant → ReactantKernelAbstractionsExt
  20173.2 ms  ✓ Optimisers → OptimisersReactantExt
   7284.7 ms  ✓ WeightInitializers → ReactantExt
   6892.7 ms  ✓ Reactant → ReactantFFTWExt
   6610.3 ms  ✓ Reactant → ReactantNNlibExt
   7951.6 ms  ✓ LuxLib → ReactantExt
   9955.9 ms  ✓ Lux → ReactantExt
  43046.2 ms  ✓ Reactant → ReactantCUDAExt
  49867.3 ms  ✓ PCFM
  49 dependencies successfully precompiled in 188 seconds. 510 already precompiled.
[ Info: ExaModels, MadNLP, GPU
[ Info: ExaModels, MadNLP, CPU
[ Info: ExaModels, MadNLP, GPU
[ Info: ExaModels, MadNLP, CPU
k = 5
============================================================
Heat Equation — Functional Flow Matching
============================================================

[2/5] Creating FFM model...
  Model created successfully

[3/5] Loading checkpoint from: /orcd/home/002/txenakis/projects/18337/PCFM.jl/examples/checkpoints/ffm_heat_checkpoint.jld2
  Loaded trained parameters and states

[5/5] Generating samples...

------------------------
------Sampling PCFM------
Modelling: exa
Optimizer: MadNLPMOI.Optimizer
Backend: CUDABackend(false, false)
------------------------

PCFM step: 0/100
PCFM step: 5/100
PCFM step: 10/100
PCFM step: 15/100
PCFM step: 20/100
PCFM step: 25/100
PCFM step: 30/100
PCFM step: 35/100
PCFM step: 40/100
PCFM step: 45/100
PCFM step: 50/100
PCFM step: 55/100
PCFM step: 60/100
PCFM step: 65/100
PCFM step: 70/100
PCFM step: 75/100
PCFM step: 80/100
PCFM step: 85/100
PCFM step: 90/100
PCFM step: 95/100

------------------------
------Sampling PCFM------
Modelling: exa
Optimizer: MadNLPMOI.Optimizer
Backend: CUDABackend(false, false)
------------------------

PCFM step: 0/100
PCFM step: 5/100
PCFM step: 10/100
PCFM step: 15/100
PCFM step: 20/100
PCFM step: 25/100
PCFM step: 30/100
PCFM step: 35/100
PCFM step: 40/100
PCFM step: 45/100
PCFM step: 50/100
PCFM step: 55/100
PCFM step: 60/100
PCFM step: 65/100
PCFM step: 70/100
PCFM step: 75/100
PCFM step: 80/100
PCFM step: 85/100
PCFM step: 90/100
PCFM step: 95/100

------------------------
------Sampling PCFM------
Modelling: exa
Optimizer: MadNLPMOI.Optimizer
Backend: CUDABackend(false, false)
------------------------

PCFM step: 0/100
PCFM step: 5/100
PCFM step: 10/100
PCFM step: 15/100
PCFM step: 20/100
PCFM step: 25/100
PCFM step: 30/100
PCFM step: 35/100
PCFM step: 40/100
PCFM step: 45/100
PCFM step: 50/100
PCFM step: 55/100
PCFM step: 60/100
PCFM step: 65/100
PCFM step: 70/100
PCFM step: 75/100
PCFM step: 80/100
PCFM step: 85/100
PCFM step: 90/100
PCFM step: 95/100
BenchmarkTools.Trial: 1 sample with 1 evaluation per sample.
 Single result which took 107.873 s (0.58% GC) to evaluate,
 with a memory estimate of 2.93 GiB, over 28254056 allocations.

------------------------
------Sampling PCFM------
Modelling: exa
Optimizer: MadNLPMOI.Optimizer
Backend: CPU(false)
------------------------

PCFM step: 0/100
PCFM step: 5/100
PCFM step: 10/100
PCFM step: 15/100
PCFM step: 20/100
PCFM step: 25/100
PCFM step: 30/100
PCFM step: 35/100
PCFM step: 40/100
PCFM step: 45/100
PCFM step: 50/100
PCFM step: 55/100
PCFM step: 60/100
PCFM step: 65/100
PCFM step: 70/100
PCFM step: 75/100
PCFM step: 80/100
PCFM step: 85/100
PCFM step: 90/100
PCFM step: 95/100

------------------------
------Sampling PCFM------
Modelling: exa
Optimizer: MadNLPMOI.Optimizer
Backend: CPU(false)
------------------------

PCFM step: 0/100
PCFM step: 5/100
PCFM step: 10/100
PCFM step: 15/100
PCFM step: 20/100
PCFM step: 25/100
PCFM step: 30/100
PCFM step: 35/100
PCFM step: 40/100
PCFM step: 45/100
PCFM step: 50/100
PCFM step: 55/100
PCFM step: 60/100
PCFM step: 65/100
PCFM step: 70/100
PCFM step: 75/100
PCFM step: 80/100
PCFM step: 85/100
PCFM step: 90/100
PCFM step: 95/100

------------------------
------Sampling PCFM------
Modelling: exa
Optimizer: MadNLPMOI.Optimizer
Backend: CPU(false)
------------------------

PCFM step: 0/100
PCFM step: 5/100
PCFM step: 10/100
PCFM step: 15/100
PCFM step: 20/100
PCFM step: 25/100
PCFM step: 30/100
PCFM step: 35/100
PCFM step: 40/100
PCFM step: 45/100
PCFM step: 50/100
PCFM step: 55/100
PCFM step: 60/100
PCFM step: 65/100
PCFM step: 70/100
PCFM step: 75/100
PCFM step: 80/100
PCFM step: 85/100
PCFM step: 90/100
PCFM step: 95/100
BenchmarkTools.Trial: 1 sample with 1 evaluation per sample.
 Single result which took 3586.031 s (0.20% GC) to evaluate,
 with a memory estimate of 39.08 GiB, over 2053284 allocations.

------------------------
------Sampling PCFM------
Modelling: exa
Optimizer: MadNLPMOI.Optimizer
Backend: CUDABackend(false, false)
------------------------

PCFM step: 0/100
PCFM step: 5/100
PCFM step: 10/100
PCFM step: 15/100
PCFM step: 20/100
PCFM step: 25/100
PCFM step: 30/100
PCFM step: 35/100
PCFM step: 40/100
PCFM step: 45/100
PCFM step: 50/100
PCFM step: 55/100
PCFM step: 60/100
PCFM step: 65/100
PCFM step: 70/100
PCFM step: 75/100
PCFM step: 80/100
PCFM step: 85/100
PCFM step: 90/100
PCFM step: 95/100
112.034326 seconds (27.35 M allocations: 2.911 GiB, 0.70% gc time, 0.03% compilation time)

------------------------
------Sampling PCFM------
Modelling: exa
Optimizer: MadNLPMOI.Optimizer
Backend: CPU(false)
------------------------

PCFM step: 0/100
PCFM step: 5/100
PCFM step: 10/100
PCFM step: 15/100
PCFM step: 20/100
PCFM step: 25/100
PCFM step: 30/100
PCFM step: 35/100
PCFM step: 40/100
PCFM step: 45/100
PCFM step: 50/100
PCFM step: 55/100
PCFM step: 60/100
PCFM step: 65/100
PCFM step: 70/100
PCFM step: 75/100
PCFM step: 80/100
PCFM step: 85/100
PCFM step: 90/100
PCFM step: 95/100
3576.151300 seconds (2.05 M allocations: 39.076 GiB, 0.21% gc time, 0.00% compilation time)
