[ Info: Heat PDE+Energy LBFGS (kappa=0.01)
[ Info: Samples saved to samples_heat2_alaina_run1.jld2
============================================================
Heat-2 (PDE+Energy) — Functional Flow Matching (Alaina solvers)
============================================================

[1/3] Creating FFM model...
  Model created successfully

[2/3] Loading checkpoint from: /orcd/home/002/txenakis/projects/18337/PCFM.jl/examples/checkpoints/ffm_heat_checkpoint.jld2
  Loaded trained parameters and states

[3/3] Generating samples...
PCFM step: 0/100
PCFM step: 5/100
PCFM step: 10/100
PCFM step: 15/100
PCFM step: 20/100
PCFM step: 25/100
PCFM step: 30/100
PCFM step: 35/100
PCFM step: 40/100
PCFM step: 45/100
PCFM step: 50/100
PCFM step: 55/100
PCFM step: 60/100
PCFM step: 65/100
PCFM step: 70/100
PCFM step: 75/100
PCFM step: 80/100
PCFM step: 85/100
PCFM step: 90/100
PCFM step: 95/100
1031.824021 seconds (23.14 G allocations: 3.436 TiB, 33.05% gc time, 3.84% compilation time: 3% of which was recompilation)
