
******************************************************************************
This program contains Ipopt, a library for large-scale nonlinear optimization.
 Ipopt is released as open source code under the Eclipse Public License (EPL).
         For more information visit https://github.com/coin-or/Ipopt
******************************************************************************

Precompiling packages...
   8556.7 ms  ✓ CUDA_Runtime_jll
   8743.5 ms  ✓ Reactant_jll
   3279.9 ms  ✓ CUDSS_jll
   3194.4 ms  ✓ CUDA_Compiler_jll
   4124.4 ms  ✓ CUDNN_jll
  35591.5 ms  ✓ CUDA
  17621.6 ms  ✓ LinearOperators → LinearOperatorsCUDAExt
  17737.4 ms  ✓ Atomix → AtomixCUDAExt
  17966.9 ms  ✓ ExaModels → ExaModelsCUDA
  18108.1 ms  ✓ ArrayInterface → ArrayInterfaceCUDAExt
  18308.0 ms  ✓ CUDA → EnzymeCoreExt
  18187.3 ms  ✓ NNlib → NNlibCUDAExt
  18481.8 ms  ✓ MLDataDevices → CUDAExt
  18457.9 ms  ✓ WeightInitializers → CUDAExt
  18886.3 ms  ✓ CUDA → ChainRulesCoreExt
  19014.4 ms  ✓ CUDA → SpecialFunctionsExt
  20806.6 ms  ✓ LuxLib → CUDAExt
   7162.2 ms  ✓ CUDSS
   8866.6 ms  ✓ cuDNN
   9350.3 ms  ✓ LuxLib → CUDAForwardDiffExt
   8039.6 ms  ✓ ArrayInterface → ArrayInterfaceCUDSSExt
   8700.0 ms  ✓ MLDataDevices → cuDNNExt
  10791.4 ms  ✓ MadNLPGPU
   9308.6 ms  ✓ NNlib → NNlibCUDACUDNNExt
   9478.5 ms  ✓ LuxLib → cuDNNExt
 107540.3 ms  ✓ Reactant
  31790.7 ms  ✓ MLDataDevices → ReactantExt
  32077.8 ms  ✓ Reactant → ReactantArrayInterfaceExt
  33205.4 ms  ✓ Reactant → ReactantStructArraysExt
  33351.8 ms  ✓ Reactant → ReactantLogExpFunctionsExt
  33402.3 ms  ✓ Reactant → ReactantOffsetArraysExt
  33481.8 ms  ✓ Reactant → ReactantSpecialFunctionsExt
  33673.4 ms  ✓ Reactant → ReactantRandom123Ext
  33682.4 ms  ✓ Reactant → ReactantSparseArraysExt
  33742.0 ms  ✓ Reactant → ReactantStatisticsExt
  33486.9 ms  ✓ LuxCore → ReactantExt
  34171.7 ms  ✓ Reactant → ReactantFillArraysExt
  34166.5 ms  ✓ Reactant → ReactantAbstractFFTsExt
  34097.2 ms  ✓ Reactant → ReactantDatesExt
  34591.2 ms  ✓ Reactant → ReactantStaticArraysExt
  35342.0 ms  ✓ Reactant → ReactantKernelAbstractionsExt
  36365.8 ms  ✓ Optimisers → OptimisersReactantExt
  13849.9 ms  ✓ WeightInitializers → ReactantExt
  12139.8 ms  ✓ Reactant → ReactantFFTWExt
  15033.5 ms  ✓ LuxLib → ReactantExt
  13631.2 ms  ✓ Reactant → ReactantNNlibExt
  17264.8 ms  ✓ Lux → ReactantExt
  49870.1 ms  ✓ Reactant → ReactantCUDAExt
  51726.0 ms  ✓ PCFM
  49 dependencies successfully precompiled in 235 seconds. 510 already precompiled.
[ Info: ExaModels, MadNLP, GPU
[ Info: ExaModels, MadNLP, CPU
[ Info: JuMP, MadNLP
[ Info: JuMP, Ipopt
[ Info: ExaModels, MadNLP, GPU
[ Info: ExaModels, MadNLP, CPU
[ Info: JuMP, MadNLP
[ Info: JuMP, Ipopt
============================================================
Heat Equation — Functional Flow Matching
============================================================

[2/5] Creating FFM model...
  Model created successfully

[3/5] Loading checkpoint from: /orcd/home/002/txenakis/projects/18337/PCFM.jl/examples/checkpoints/ffm_heat_checkpoint.jld2
  Loaded trained parameters and states

[5/5] Generating samples...

------------------------
------Sampling PCFM------
Modelling: exa
Optimizer: MadNLPMOI.Optimizer
Backend: CUDABackend(false, false)
------------------------


------------------------
------Sampling PCFM------
Modelling: exa
Optimizer: MadNLPMOI.Optimizer
Backend: CUDABackend(false, false)
------------------------


------------------------
------Sampling PCFM------
Modelling: exa
Optimizer: MadNLPMOI.Optimizer
Backend: CUDABackend(false, false)
------------------------

BenchmarkTools.Trial: 1 sample with 1 evaluation per sample.
 Single result which took 42.958 s (1.69% GC) to evaluate,
 with a memory estimate of 841.68 MiB, over 5751262 allocations.

------------------------
------Sampling PCFM------
Modelling: exa
Optimizer: MadNLPMOI.Optimizer
Backend: CPU(false)
------------------------


------------------------
------Sampling PCFM------
Modelling: exa
Optimizer: MadNLPMOI.Optimizer
Backend: CPU(false)
------------------------


------------------------
------Sampling PCFM------
Modelling: exa
Optimizer: MadNLPMOI.Optimizer
Backend: CPU(false)
------------------------

BenchmarkTools.Trial: 1 sample with 1 evaluation per sample.
 Single result which took 55.011 s (2.30% GC) to evaluate,
 with a memory estimate of 10.34 GiB, over 754532 allocations.

------------------------
------Sampling PCFM------
Modelling: jump
Optimizer: MadNLPMOI.Optimizer
Backend: CPU(false)
------------------------


------------------------
------Sampling PCFM------
Modelling: jump
Optimizer: MadNLPMOI.Optimizer
Backend: CPU(false)
------------------------


------------------------
------Sampling PCFM------
Modelling: jump
Optimizer: MadNLPMOI.Optimizer
Backend: CPU(false)
------------------------

BenchmarkTools.Trial: 1 sample with 1 evaluation per sample.
 Single result which took 590.823 s (33.52% GC) to evaluate,
 with a memory estimate of 429.73 GiB, over 6473370818 allocations.

------------------------
------Sampling PCFM------
Modelling: jump
Optimizer: IpoptMathOptInterfaceExt.Optimizer
Backend: CPU(false)
------------------------


------------------------
------Sampling PCFM------
Modelling: jump
Optimizer: IpoptMathOptInterfaceExt.Optimizer
Backend: CPU(false)
------------------------


------------------------
------Sampling PCFM------
Modelling: jump
Optimizer: IpoptMathOptInterfaceExt.Optimizer
Backend: CPU(false)
------------------------

BenchmarkTools.Trial: 1 sample with 1 evaluation per sample.
 Single result which took 787.752 s (25.77% GC) to evaluate,
 with a memory estimate of 358.71 GiB, over 6217340380 allocations.

------------------------
------Sampling PCFM------
Modelling: exa
Optimizer: MadNLPMOI.Optimizer
Backend: CUDABackend(false, false)
------------------------

 44.233013 seconds (5.91 M allocations: 843.594 MiB, 4.31% gc time, 0.03% compilation time)

------------------------
------Sampling PCFM------
Modelling: exa
Optimizer: MadNLPMOI.Optimizer
Backend: CPU(false)
------------------------

 54.686881 seconds (755.06 k allocations: 10.344 GiB, 2.15% gc time, 0.01% compilation time)

------------------------
------Sampling PCFM------
Modelling: jump
Optimizer: MadNLPMOI.Optimizer
Backend: CPU(false)
------------------------

593.281856 seconds (6.47 G allocations: 429.725 GiB, 33.69% gc time, 0.00% compilation time)

------------------------
------Sampling PCFM------
Modelling: jump
Optimizer: IpoptMathOptInterfaceExt.Optimizer
Backend: CPU(false)
------------------------

792.460245 seconds (6.22 G allocations: 358.715 GiB, 25.91% gc time)
