
******************************************************************************
This program contains Ipopt, a library for large-scale nonlinear optimization.
 Ipopt is released as open source code under the Eclipse Public License (EPL).
         For more information visit https://github.com/coin-or/Ipopt
******************************************************************************

[ Info: ExaModels, MadNLP, GPU
[ Info: ExaModels, MadNLP, CPU
[ Info: JuMP, MadNLP
[ Info: JuMP, Ipopt
============================================================
Heat Equation — Functional Flow Matching
============================================================

[2/5] Creating FFM model...
  Model created successfully

[3/5] Loading checkpoint from: /orcd/home/002/txenakis/projects/18337/PCFM.jl/examples/checkpoints/ffm_heat_checkpoint.jld2
  Loaded trained parameters and states

[5/5] Generating samples...

------------------------
------Sampling PCFM------
Modelling: exa
Optimizer: MadNLPMOI.Optimizer
Backend: CUDABackend(false, false)
------------------------

192.717915 seconds (576.48 M allocations: 31.294 GiB, 5.91% gc time, 3 lock conflicts, 63.93% compilation time: 1% of which was recompilation)

------------------------
------Sampling PCFM------
Modelling: exa
Optimizer: MadNLPMOI.Optimizer
Backend: CPU(false)
------------------------

 55.061075 seconds (175.45 M allocations: 10.843 GiB, 7.34% gc time, 50.92% compilation time)

------------------------
------Sampling PCFM------
Modelling: jump
Optimizer: MadNLPMOI.Optimizer
Backend: CPU(false)
------------------------

148.331860 seconds (1.65 G allocations: 113.618 GiB, 33.13% gc time, 5.17% compilation time: 2% of which was recompilation)

------------------------
------Sampling PCFM------
Modelling: jump
Optimizer: IpoptMathOptInterfaceExt.Optimizer
Backend: CPU(false)
------------------------

179.264121 seconds (1.57 G allocations: 95.183 GiB, 23.09% gc time, 0.46% compilation time)
