
******************************************************************************
This program contains Ipopt, a library for large-scale nonlinear optimization.
 Ipopt is released as open source code under the Eclipse Public License (EPL).
         For more information visit https://github.com/coin-or/Ipopt
******************************************************************************

[ Info: ExaModels, MadNLP, GPU
[ Info: ExaModels, MadNLP, CPU
[ Info: JuMP, MadNLP
[ Info: JuMP, Ipopt
[ Info: ExaModels, MadNLP, GPU
[ Info: ExaModels, MadNLP, CPU
[ Info: JuMP, MadNLP
[ Info: JuMP, Ipopt
============================================================
Heat Equation — Functional Flow Matching
============================================================

[2/5] Creating FFM model...
  Model created successfully

[3/5] Loading checkpoint from: /orcd/home/002/txenakis/projects/18337/PCFM.jl/examples/checkpoints/ffm_heat_checkpoint.jld2
  Loaded trained parameters and states

[5/5] Generating samples...

------------------------
------Sampling PCFM------
Modelling: exa
Optimizer: MadNLPMOI.Optimizer
Backend: CUDABackend(false, false)
------------------------


------------------------
------Sampling PCFM------
Modelling: exa
Optimizer: MadNLPMOI.Optimizer
Backend: CUDABackend(false, false)
------------------------


------------------------
------Sampling PCFM------
Modelling: exa
Optimizer: MadNLPMOI.Optimizer
Backend: CUDABackend(false, false)
------------------------


------------------------
------Sampling PCFM------
Modelling: exa
Optimizer: MadNLPMOI.Optimizer
Backend: CUDABackend(false, false)
------------------------


------------------------
------Sampling PCFM------
Modelling: exa
Optimizer: MadNLPMOI.Optimizer
Backend: CUDABackend(false, false)
------------------------


------------------------
------Sampling PCFM------
Modelling: exa
Optimizer: MadNLPMOI.Optimizer
Backend: CUDABackend(false, false)
------------------------

BenchmarkTools.Trial: 2 samples with 1 evaluation per sample.
 Range (min … max):  3.699 s …   3.775 s  ┊ GC (min … max):  9.24% … 10.98%
 Time  (median):     3.737 s              ┊ GC (median):    10.12%
 Time  (mean ± σ):   3.737 s ± 53.579 ms  ┊ GC (mean ± σ):  10.12% ±  1.23%

  █                                                       █  
  █▁▁▁▁▁▁▁▁▁▁▁▁▁▁▁▁▁▁▁▁▁▁▁▁▁▁▁▁▁▁▁▁▁▁▁▁▁▁▁▁▁▁▁▁▁▁▁▁▁▁▁▁▁▁▁█ ▁
  3.7 s          Histogram: frequency by time        3.77 s <

 Memory estimate: 257.93 MiB, allocs estimate: 4413997.

------------------------
------Sampling PCFM------
Modelling: exa
Optimizer: MadNLPMOI.Optimizer
Backend: CPU(false)
------------------------


------------------------
------Sampling PCFM------
Modelling: exa
Optimizer: MadNLPMOI.Optimizer
Backend: CPU(false)
------------------------


------------------------
------Sampling PCFM------
Modelling: exa
Optimizer: MadNLPMOI.Optimizer
Backend: CPU(false)
------------------------


------------------------
------Sampling PCFM------
Modelling: exa
Optimizer: MadNLPMOI.Optimizer
Backend: CPU(false)
------------------------


------------------------
------Sampling PCFM------
Modelling: exa
Optimizer: MadNLPMOI.Optimizer
Backend: CPU(false)
------------------------


------------------------
------Sampling PCFM------
Modelling: exa
Optimizer: MadNLPMOI.Optimizer
Backend: CPU(false)
------------------------

BenchmarkTools.Trial: 2 samples with 1 evaluation per sample.
 Range (min … max):  3.211 s …  3.218 s  ┊ GC (min … max): 9.23% … 9.16%
 Time  (median):     3.214 s             ┊ GC (median):    9.19%
 Time  (mean ± σ):   3.214 s ± 5.185 ms  ┊ GC (mean ± σ):  9.19% ± 0.05%

  █                                                      █  
  █▁▁▁▁▁▁▁▁▁▁▁▁▁▁▁▁▁▁▁▁▁▁▁▁▁▁▁▁▁▁▁▁▁▁▁▁▁▁▁▁▁▁▁▁▁▁▁▁▁▁▁▁▁▁█ ▁
  3.21 s        Histogram: frequency by time        3.22 s <

 Memory estimate: 702.03 MiB, allocs estimate: 748443.

------------------------
------Sampling PCFM------
Modelling: jump
Optimizer: MadNLPMOI.Optimizer
Backend: CPU(false)
------------------------


------------------------
------Sampling PCFM------
Modelling: jump
Optimizer: MadNLPMOI.Optimizer
Backend: CPU(false)
------------------------


------------------------
------Sampling PCFM------
Modelling: jump
Optimizer: MadNLPMOI.Optimizer
Backend: CPU(false)
------------------------

BenchmarkTools.Trial: 1 sample with 1 evaluation per sample.
 Single result which took 28.002 s (23.46% GC) to evaluate,
 with a memory estimate of 27.12 GiB, over 406542917 allocations.

------------------------
------Sampling PCFM------
Modelling: jump
Optimizer: IpoptMathOptInterfaceExt.Optimizer
Backend: CPU(false)
------------------------


------------------------
------Sampling PCFM------
Modelling: jump
Optimizer: IpoptMathOptInterfaceExt.Optimizer
Backend: CPU(false)
------------------------


------------------------
------Sampling PCFM------
Modelling: jump
Optimizer: IpoptMathOptInterfaceExt.Optimizer
Backend: CPU(false)
------------------------

BenchmarkTools.Trial: 1 sample with 1 evaluation per sample.
 Single result which took 41.087 s (17.69% GC) to evaluate,
 with a memory estimate of 22.67 GiB, over 390511851 allocations.

------------------------
------Sampling PCFM------
Modelling: exa
Optimizer: MadNLPMOI.Optimizer
Backend: CUDABackend(false, false)
------------------------

  4.410679 seconds (4.50 M allocations: 259.303 MiB, 27.67% gc time, 0.25% compilation time)

------------------------
------Sampling PCFM------
Modelling: exa
Optimizer: MadNLPMOI.Optimizer
Backend: CPU(false)
------------------------

  3.208594 seconds (750.45 k allocations: 702.079 MiB, 10.05% gc time, 0.12% compilation time)

------------------------
------Sampling PCFM------
Modelling: jump
Optimizer: MadNLPMOI.Optimizer
Backend: CPU(false)
------------------------

 28.080636 seconds (406.54 M allocations: 27.123 GiB, 22.51% gc time, 0.02% compilation time)

------------------------
------Sampling PCFM------
Modelling: jump
Optimizer: IpoptMathOptInterfaceExt.Optimizer
Backend: CPU(false)
------------------------

 40.214661 seconds (390.51 M allocations: 22.666 GiB, 16.96% gc time)
