============================================================
Reaction-Diffusion Equation — Functional Flow Matching
============================================================

[1/3] Creating FFM model...
  Model created successfully

[2/3] Loading checkpoint from: /orcd/home/002/txenakis/projects/18337/PCFM.jl/examples/checkpoints/ffm_rd_checkpoint_nx64.jld2
  Loaded trained parameters and states

[3/3] Generating samples...
backend = CUDABackend(false, false)

------------------------
------Sampling PCFM------
Modelling: exa
Optimizer: MadNLPMOI.Optimizer
Backend: CUDABackend(false, false)
------------------------


------------------------
------Sampling PCFM------
Modelling: exa
Optimizer: MadNLPMOI.Optimizer
Backend: CUDABackend(false, false)
------------------------


------------------------
------Sampling PCFM------
Modelling: exa
Optimizer: MadNLPMOI.Optimizer
Backend: CUDABackend(false, false)
------------------------

BenchmarkTools.Trial: 1 sample with 1 evaluation per sample.
 Single result which took 35.372 s (0.99% GC) to evaluate,
 with a memory estimate of 1.26 GiB, over 12543517 allocations.

------------------------
------Sampling PCFM------
Modelling: exa
Optimizer: MadNLPMOI.Optimizer
Backend: CPU(false)
------------------------


------------------------
------Sampling PCFM------
Modelling: exa
Optimizer: MadNLPMOI.Optimizer
Backend: CPU(false)
------------------------


------------------------
------Sampling PCFM------
Modelling: exa
Optimizer: MadNLPMOI.Optimizer
Backend: CPU(false)
------------------------

BenchmarkTools.Trial: 1 sample with 1 evaluation per sample.
 Single result which took 27.500 s (1.11% GC) to evaluate,
 with a memory estimate of 3.34 GiB, over 834233 allocations.

------------------------
------Sampling PCFM------
Modelling: jump
Optimizer: MadNLPMOI.Optimizer
Backend: CPU(false)
------------------------


------------------------
------Sampling PCFM------
Modelling: jump
Optimizer: MadNLPMOI.Optimizer
Backend: CPU(false)
------------------------


------------------------
------Sampling PCFM------
Modelling: jump
Optimizer: MadNLPMOI.Optimizer
Backend: CPU(false)
------------------------

BenchmarkTools.Trial: 1 sample with 1 evaluation per sample.
 Single result which took 172.439 s (32.67% GC) to evaluate,
 with a memory estimate of 136.46 GiB, over 1469500010 allocations.

******************************************************************************
This program contains Ipopt, a library for large-scale nonlinear optimization.
 Ipopt is released as open source code under the Eclipse Public License (EPL).
         For more information visit https://github.com/coin-or/Ipopt
******************************************************************************


------------------------
------Sampling PCFM------
Modelling: jump
Optimizer: IpoptMathOptInterfaceExt.Optimizer
Backend: CPU(false)
------------------------


------------------------
------Sampling PCFM------
Modelling: jump
Optimizer: IpoptMathOptInterfaceExt.Optimizer
Backend: CPU(false)
------------------------


------------------------
------Sampling PCFM------
Modelling: jump
Optimizer: IpoptMathOptInterfaceExt.Optimizer
Backend: CPU(false)
------------------------

BenchmarkTools.Trial: 1 sample with 1 evaluation per sample.
 Single result which took 228.162 s (22.54% GC) to evaluate,
 with a memory estimate of 111.67 GiB, over 1428506306 allocations.
[ Info: ExaModels, MadNLP, GPU
[ Info: ExaModels, MadNLP, CPU
[ Info: JuMP, MadNLP
[ Info: JuMP, Ipopt
[ Info: ExaModels, MadNLP, GPU
[ Info: ExaModels, MadNLP, CPU
[ Info: JuMP, MadNLP
[ Info: JuMP, Ipopt

------------------------
------Sampling PCFM------
Modelling: exa
Optimizer: MadNLPMOI.Optimizer
Backend: CUDABackend(false, false)
------------------------

PCFM step: 0/100
PCFM step: 5/100
PCFM step: 10/100
PCFM step: 15/100
PCFM step: 20/100
PCFM step: 25/100
PCFM step: 30/100
PCFM step: 35/100
PCFM step: 40/100
PCFM step: 45/100
PCFM step: 50/100
PCFM step: 55/100
PCFM step: 60/100
PCFM step: 65/100
PCFM step: 70/100
PCFM step: 75/100
PCFM step: 80/100
PCFM step: 85/100
PCFM step: 90/100
PCFM step: 95/100
 36.344840 seconds (12.59 M allocations: 1.265 GiB, 4.21% gc time, 0.01% compilation time)

------------------------
------Sampling PCFM------
Modelling: exa
Optimizer: MadNLPMOI.Optimizer
Backend: CPU(false)
------------------------

PCFM step: 0/100
PCFM step: 5/100
PCFM step: 10/100
PCFM step: 15/100
PCFM step: 20/100
PCFM step: 25/100
PCFM step: 30/100
PCFM step: 35/100
PCFM step: 40/100
PCFM step: 45/100
PCFM step: 50/100
PCFM step: 55/100
PCFM step: 60/100
PCFM step: 65/100
PCFM step: 70/100
PCFM step: 75/100
PCFM step: 80/100
PCFM step: 85/100
PCFM step: 90/100
PCFM step: 95/100
 23.160271 seconds (839.16 k allocations: 3.344 GiB, 0.98% gc time, 0.02% compilation time)

------------------------
------Sampling PCFM------
Modelling: jump
Optimizer: MadNLPMOI.Optimizer
Backend: CPU(false)
------------------------

PCFM step: 0/100
PCFM step: 5/100
PCFM step: 10/100
PCFM step: 15/100
PCFM step: 20/100
PCFM step: 25/100
PCFM step: 30/100
PCFM step: 35/100
PCFM step: 40/100
PCFM step: 45/100
PCFM step: 50/100
PCFM step: 55/100
PCFM step: 60/100
PCFM step: 65/100
PCFM step: 70/100
PCFM step: 75/100
PCFM step: 80/100
PCFM step: 85/100
PCFM step: 90/100
PCFM step: 95/100
170.536290 seconds (1.47 G allocations: 136.456 GiB, 33.31% gc time, 0.00% compilation time)

------------------------
------Sampling PCFM------
Modelling: jump
Optimizer: IpoptMathOptInterfaceExt.Optimizer
Backend: CPU(false)
------------------------

PCFM step: 0/100
PCFM step: 5/100
PCFM step: 10/100
PCFM step: 15/100
PCFM step: 20/100
PCFM step: 25/100
PCFM step: 30/100
PCFM step: 35/100
PCFM step: 40/100
PCFM step: 45/100
PCFM step: 50/100
PCFM step: 55/100
PCFM step: 60/100
PCFM step: 65/100
PCFM step: 70/100
PCFM step: 75/100
PCFM step: 80/100
PCFM step: 85/100
PCFM step: 90/100
PCFM step: 95/100
221.525668 seconds (1.43 G allocations: 111.663 GiB, 22.09% gc time)
