============================================================
Reaction-Diffusion Equation — Functional Flow Matching
============================================================

[1/3] Creating FFM model...
  Model created successfully

[2/3] Loading checkpoint from: /orcd/home/002/txenakis/projects/18337/PCFM.jl/examples/checkpoints/ffm_rd_checkpoint_nx64.jld2
  Loaded trained parameters and states

[3/3] Generating samples...
backend = CUDABackend(false, false)

------------------------
------Sampling PCFM------
Modelling: exa
Optimizer: MadNLPMOI.Optimizer
Backend: CUDABackend(false, false)
------------------------


------------------------
------Sampling PCFM------
Modelling: exa
Optimizer: MadNLPMOI.Optimizer
Backend: CUDABackend(false, false)
------------------------


------------------------
------Sampling PCFM------
Modelling: exa
Optimizer: MadNLPMOI.Optimizer
Backend: CUDABackend(false, false)
------------------------

BenchmarkTools.Trial: 1 sample with 1 evaluation per sample.
 Single result which took 35.543 s (1.45% GC) to evaluate,
 with a memory estimate of 1.26 GiB, over 12524738 allocations.

------------------------
------Sampling PCFM------
Modelling: exa
Optimizer: MadNLPMOI.Optimizer
Backend: CPU(false)
------------------------


------------------------
------Sampling PCFM------
Modelling: exa
Optimizer: MadNLPMOI.Optimizer
Backend: CPU(false)
------------------------


------------------------
------Sampling PCFM------
Modelling: exa
Optimizer: MadNLPMOI.Optimizer
Backend: CPU(false)
------------------------

BenchmarkTools.Trial: 1 sample with 1 evaluation per sample.
 Single result which took 24.183 s (1.38% GC) to evaluate,
 with a memory estimate of 3.34 GiB, over 834048 allocations.

------------------------
------Sampling PCFM------
Modelling: jump
Optimizer: MadNLPMOI.Optimizer
Backend: CPU(false)
------------------------


------------------------
------Sampling PCFM------
Modelling: jump
Optimizer: MadNLPMOI.Optimizer
Backend: CPU(false)
------------------------


------------------------
------Sampling PCFM------
Modelling: jump
Optimizer: MadNLPMOI.Optimizer
Backend: CPU(false)
------------------------

BenchmarkTools.Trial: 1 sample with 1 evaluation per sample.
 Single result which took 177.318 s (33.02% GC) to evaluate,
 with a memory estimate of 136.45 GiB, over 1469497249 allocations.

******************************************************************************
This program contains Ipopt, a library for large-scale nonlinear optimization.
 Ipopt is released as open source code under the Eclipse Public License (EPL).
         For more information visit https://github.com/coin-or/Ipopt
******************************************************************************


------------------------
------Sampling PCFM------
Modelling: jump
Optimizer: IpoptMathOptInterfaceExt.Optimizer
Backend: CPU(false)
------------------------


------------------------
------Sampling PCFM------
Modelling: jump
Optimizer: IpoptMathOptInterfaceExt.Optimizer
Backend: CPU(false)
------------------------


------------------------
------Sampling PCFM------
Modelling: jump
Optimizer: IpoptMathOptInterfaceExt.Optimizer
Backend: CPU(false)
------------------------

BenchmarkTools.Trial: 1 sample with 1 evaluation per sample.
 Single result which took 231.570 s (22.60% GC) to evaluate,
 with a memory estimate of 111.67 GiB, over 1428507201 allocations.
[ Info: ExaModels, MadNLP, GPU
[ Info: ExaModels, MadNLP, CPU
[ Info: JuMP, MadNLP
[ Info: JuMP, Ipopt
[ Info: ExaModels, MadNLP, GPU
[ Info: ExaModels, MadNLP, CPU
[ Info: JuMP, MadNLP
[ Info: JuMP, Ipopt

------------------------
------Sampling PCFM------
Modelling: exa
Optimizer: MadNLPMOI.Optimizer
Backend: CUDABackend(false, false)
------------------------

PCFM step: 0/100
PCFM step: 5/100
PCFM step: 10/100
PCFM step: 15/100
PCFM step: 20/100
PCFM step: 25/100
PCFM step: 30/100
PCFM step: 35/100
PCFM step: 40/100
PCFM step: 45/100
PCFM step: 50/100
PCFM step: 55/100
PCFM step: 60/100
PCFM step: 65/100
PCFM step: 70/100
PCFM step: 75/100
PCFM step: 80/100
PCFM step: 85/100
PCFM step: 90/100
PCFM step: 95/100
 36.480527 seconds (12.55 M allocations: 1.265 GiB, 4.26% gc time, 0.01% compilation time)

------------------------
------Sampling PCFM------
Modelling: exa
Optimizer: MadNLPMOI.Optimizer
Backend: CPU(false)
------------------------

PCFM step: 0/100
PCFM step: 5/100
PCFM step: 10/100
PCFM step: 15/100
PCFM step: 20/100
PCFM step: 25/100
PCFM step: 30/100
PCFM step: 35/100
PCFM step: 40/100
PCFM step: 45/100
PCFM step: 50/100
PCFM step: 55/100
PCFM step: 60/100
PCFM step: 65/100
PCFM step: 70/100
PCFM step: 75/100
PCFM step: 80/100
PCFM step: 85/100
PCFM step: 90/100
PCFM step: 95/100
 24.270223 seconds (839.19 k allocations: 3.344 GiB, 1.60% gc time, 0.02% compilation time)

------------------------
------Sampling PCFM------
Modelling: jump
Optimizer: MadNLPMOI.Optimizer
Backend: CPU(false)
------------------------

PCFM step: 0/100
PCFM step: 5/100
PCFM step: 10/100
PCFM step: 15/100
PCFM step: 20/100
PCFM step: 25/100
PCFM step: 30/100
PCFM step: 35/100
PCFM step: 40/100
PCFM step: 45/100
PCFM step: 50/100
PCFM step: 55/100
PCFM step: 60/100
PCFM step: 65/100
PCFM step: 70/100
PCFM step: 75/100
PCFM step: 80/100
PCFM step: 85/100
PCFM step: 90/100
PCFM step: 95/100
176.311153 seconds (1.47 G allocations: 136.458 GiB, 32.94% gc time, 0.00% compilation time)

------------------------
------Sampling PCFM------
Modelling: jump
Optimizer: IpoptMathOptInterfaceExt.Optimizer
Backend: CPU(false)
------------------------

PCFM step: 0/100
PCFM step: 5/100
PCFM step: 10/100
PCFM step: 15/100
PCFM step: 20/100
PCFM step: 25/100
PCFM step: 30/100
PCFM step: 35/100
PCFM step: 40/100
PCFM step: 45/100
PCFM step: 50/100
PCFM step: 55/100
PCFM step: 60/100
PCFM step: 65/100
PCFM step: 70/100
PCFM step: 75/100
PCFM step: 80/100
PCFM step: 85/100
PCFM step: 90/100
PCFM step: 95/100
232.281876 seconds (1.43 G allocations: 111.665 GiB, 22.19% gc time)
