============================================================
Reaction-Diffusion Equation — Functional Flow Matching
============================================================

[1/3] Creating FFM model...
  Model created successfully

[2/3] Loading checkpoint from: /orcd/home/002/txenakis/projects/18337/PCFM.jl/examples/checkpoints/ffm_rd_checkpoint_nx64.jld2
  Loaded trained parameters and states

[3/3] Generating samples...
backend = CUDABackend(false, false)

------------------------
------Sampling PCFM------
Modelling: exa
Optimizer: MadNLPMOI.Optimizer
Backend: CUDABackend(false, false)
------------------------


------------------------
------Sampling PCFM------
Modelling: exa
Optimizer: MadNLPMOI.Optimizer
Backend: CUDABackend(false, false)
------------------------


------------------------
------Sampling PCFM------
Modelling: exa
Optimizer: MadNLPMOI.Optimizer
Backend: CUDABackend(false, false)
------------------------

BenchmarkTools.Trial: 1 sample with 1 evaluation per sample.
 Single result which took 34.674 s (0.91% GC) to evaluate,
 with a memory estimate of 1.26 GiB, over 12520038 allocations.

------------------------
------Sampling PCFM------
Modelling: exa
Optimizer: MadNLPMOI.Optimizer
Backend: CPU(false)
------------------------


------------------------
------Sampling PCFM------
Modelling: exa
Optimizer: MadNLPMOI.Optimizer
Backend: CPU(false)
------------------------


------------------------
------Sampling PCFM------
Modelling: exa
Optimizer: MadNLPMOI.Optimizer
Backend: CPU(false)
------------------------

BenchmarkTools.Trial: 1 sample with 1 evaluation per sample.
 Single result which took 23.799 s (0.58% GC) to evaluate,
 with a memory estimate of 3.34 GiB, over 834433 allocations.

------------------------
------Sampling PCFM------
Modelling: jump
Optimizer: MadNLPMOI.Optimizer
Backend: CPU(false)
------------------------


------------------------
------Sampling PCFM------
Modelling: jump
Optimizer: MadNLPMOI.Optimizer
Backend: CPU(false)
------------------------


------------------------
------Sampling PCFM------
Modelling: jump
Optimizer: MadNLPMOI.Optimizer
Backend: CPU(false)
------------------------

BenchmarkTools.Trial: 1 sample with 1 evaluation per sample.
 Single result which took 169.156 s (32.38% GC) to evaluate,
 with a memory estimate of 136.46 GiB, over 1469500250 allocations.

******************************************************************************
This program contains Ipopt, a library for large-scale nonlinear optimization.
 Ipopt is released as open source code under the Eclipse Public License (EPL).
         For more information visit https://github.com/coin-or/Ipopt
******************************************************************************


------------------------
------Sampling PCFM------
Modelling: jump
Optimizer: IpoptMathOptInterfaceExt.Optimizer
Backend: CPU(false)
------------------------


------------------------
------Sampling PCFM------
Modelling: jump
Optimizer: IpoptMathOptInterfaceExt.Optimizer
Backend: CPU(false)
------------------------


------------------------
------Sampling PCFM------
Modelling: jump
Optimizer: IpoptMathOptInterfaceExt.Optimizer
Backend: CPU(false)
------------------------

BenchmarkTools.Trial: 1 sample with 1 evaluation per sample.
 Single result which took 230.438 s (22.16% GC) to evaluate,
 with a memory estimate of 111.67 GiB, over 1428503248 allocations.
Precompiling packages...
   7004.5 ms  ✓ Reactant_jll
   8015.6 ms  ✓ CUDA_Runtime_jll
   4874.1 ms  ✓ CUDA_Compiler_jll
   5533.6 ms  ✓ CUDNN_jll
   5557.0 ms  ✓ CUDSS_jll
  32974.2 ms  ✓ CUDA
  10323.4 ms  ✓ LinearOperators → LinearOperatorsCUDAExt
  10333.7 ms  ✓ ArrayInterface → ArrayInterfaceCUDAExt
  10394.6 ms  ✓ Atomix → AtomixCUDAExt
  10576.9 ms  ✓ CUDA → ChainRulesCoreExt
  10720.2 ms  ✓ ExaModels → ExaModelsCUDA
  10752.6 ms  ✓ CUDA → EnzymeCoreExt
  10890.1 ms  ✓ CUDA → SpecialFunctionsExt
  10800.1 ms  ✓ WeightInitializers → CUDAExt
  10826.1 ms  ✓ MLDataDevices → CUDAExt
  11063.1 ms  ✓ NNlib → NNlibCUDAExt
  12081.9 ms  ✓ LuxLib → CUDAExt
   4871.6 ms  ✓ CUDSS
   4743.0 ms  ✓ LuxLib → CUDAForwardDiffExt
   7125.2 ms  ✓ cuDNN
   4592.2 ms  ✓ ArrayInterface → ArrayInterfaceCUDSSExt
   6688.5 ms  ✓ MadNLPGPU
   4566.8 ms  ✓ MLDataDevices → cuDNNExt
   5169.0 ms  ✓ LuxLib → cuDNNExt
   5534.6 ms  ✓ NNlib → NNlibCUDACUDNNExt
 109244.2 ms  ✓ Reactant
  20321.5 ms  ✓ Reactant → ReactantSparseArraysExt
  20470.0 ms  ✓ MLDataDevices → ReactantExt
  21090.9 ms  ✓ Reactant → ReactantAbstractFFTsExt
  21177.4 ms  ✓ Reactant → ReactantFillArraysExt
  21172.4 ms  ✓ Reactant → ReactantSpecialFunctionsExt
  21152.1 ms  ✓ Reactant → ReactantArrayInterfaceExt
  21070.8 ms  ✓ Reactant → ReactantDatesExt
  21138.0 ms  ✓ Reactant → ReactantOffsetArraysExt
  21360.3 ms  ✓ Reactant → ReactantRandom123Ext
  21119.8 ms  ✓ LuxCore → ReactantExt
  21416.9 ms  ✓ Reactant → ReactantStatisticsExt
  21317.8 ms  ✓ Reactant → ReactantLogExpFunctionsExt
  21964.5 ms  ✓ Reactant → ReactantStructArraysExt
  22258.5 ms  ✓ Reactant → ReactantStaticArraysExt
  22605.4 ms  ✓ Reactant → ReactantKernelAbstractionsExt
  22755.1 ms  ✓ Optimisers → OptimisersReactantExt
   6474.5 ms  ✓ Reactant → ReactantFFTWExt
   7243.0 ms  ✓ WeightInitializers → ReactantExt
   6904.1 ms  ✓ Reactant → ReactantNNlibExt
   7669.0 ms  ✓ LuxLib → ReactantExt
   9239.7 ms  ✓ Lux → ReactantExt
  43010.1 ms  ✓ Reactant → ReactantCUDAExt
  50979.5 ms  ✓ PCFM
  49 dependencies successfully precompiled in 213 seconds. 510 already precompiled.
[ Info: ExaModels, MadNLP, GPU
[ Info: ExaModels, MadNLP, CPU
[ Info: JuMP, MadNLP
[ Info: JuMP, Ipopt
[ Info: ExaModels, MadNLP, GPU
[ Info: ExaModels, MadNLP, CPU
[ Info: JuMP, MadNLP
[ Info: JuMP, Ipopt

------------------------
------Sampling PCFM------
Modelling: exa
Optimizer: MadNLPMOI.Optimizer
Backend: CUDABackend(false, false)
------------------------

PCFM step: 0/100
PCFM step: 5/100
PCFM step: 10/100
PCFM step: 15/100
PCFM step: 20/100
PCFM step: 25/100
PCFM step: 30/100
PCFM step: 35/100
PCFM step: 40/100
PCFM step: 45/100
PCFM step: 50/100
PCFM step: 55/100
PCFM step: 60/100
PCFM step: 65/100
PCFM step: 70/100
PCFM step: 75/100
PCFM step: 80/100
PCFM step: 85/100
PCFM step: 90/100
PCFM step: 95/100

------------------------
------Sampling PCFM------
Modelling: exa
Optimizer: MadNLPMOI.Optimizer
Backend: CPU(false)
------------------------

PCFM step: 0/100
PCFM step: 5/100
PCFM step: 10/100
PCFM step: 15/100
PCFM step: 20/100
PCFM step: 25/100
PCFM step: 30/100
PCFM step: 35/100
PCFM step: 40/100
PCFM step: 45/100
PCFM step: 50/100
PCFM step: 55/100
PCFM step: 60/100
PCFM step: 65/100
PCFM step: 70/100
PCFM step: 75/100
PCFM step: 80/100
PCFM step: 85/100
PCFM step: 90/100
PCFM step: 95/100

------------------------
------Sampling PCFM------
Modelling: jump
Optimizer: MadNLPMOI.Optimizer
Backend: CPU(false)
------------------------

PCFM step: 0/100
PCFM step: 5/100
PCFM step: 10/100
PCFM step: 15/100
PCFM step: 20/100
PCFM step: 25/100
PCFM step: 30/100
PCFM step: 35/100
PCFM step: 40/100
PCFM step: 45/100
PCFM step: 50/100
PCFM step: 55/100
PCFM step: 60/100
PCFM step: 65/100
PCFM step: 70/100
PCFM step: 75/100
PCFM step: 80/100
PCFM step: 85/100
PCFM step: 90/100
PCFM step: 95/100

------------------------
------Sampling PCFM------
Modelling: jump
Optimizer: IpoptMathOptInterfaceExt.Optimizer
Backend: CPU(false)
------------------------

PCFM step: 0/100
PCFM step: 5/100
PCFM step: 10/100
PCFM step: 15/100
PCFM step: 20/100
PCFM step: 25/100
PCFM step: 30/100
PCFM step: 35/100
PCFM step: 40/100
PCFM step: 45/100
PCFM step: 50/100
PCFM step: 55/100
PCFM step: 60/100
PCFM step: 65/100
PCFM step: 70/100
PCFM step: 75/100
PCFM step: 80/100
PCFM step: 85/100
PCFM step: 90/100
PCFM step: 95/100
