Precompiling packages...
    PCFM Being precompiled by another machine (hostname: node3505, pid: 3969681, pidfile: /home/txenakis/.julia/compiled/v1.12/PCFM/zZAhp_iKL7m.ji.pidfile)
  38709.1 ms  ✓ PCFM
  1 dependency successfully precompiled in 77 seconds. 625 already precompiled.
[ Info: Solvers to run: exa_gpu, exa_cpu
[ Info: ExaModels, MadNLP, GPU
[ Info: ExaModels, MadNLP, CPU
[ Info: Reference IC: p_loc = 0.4822 (index 16 / 30)
[ Info: Saved left_bc_vals, ref_samples, samples_exa_cpu, samples_exa_gpu to samples_burgers_IC_IC_Mass_Flux_k1_run6.jld2
============================================================
Burgers Equation — Functional Flow Matching
============================================================

[1/3] Creating FFM model...
  Model created successfully

[2/3] Loading checkpoint from: /orcd/home/002/txenakis/projects/18337/PCFM.jl/examples/checkpoints/ffm_burgers_checkpoint.jld2
  Loaded trained parameters and states

[3/3] Generating samples...
backend = CUDABackend(false, false)

------------------------
------Sampling PCFM------
Modelling: exa
Optimizer: MadNLPMOI.Optimizer
Backend: CUDABackend(false, false)
------------------------

PCFM step: 0/100
PCFM step: 5/100
PCFM step: 10/100
PCFM step: 15/100
PCFM step: 20/100
PCFM step: 25/100
PCFM step: 30/100
PCFM step: 35/100
PCFM step: 40/100
PCFM step: 45/100
PCFM step: 50/100
PCFM step: 55/100
PCFM step: 60/100
PCFM step: 65/100
PCFM step: 70/100
PCFM step: 75/100
PCFM step: 80/100
PCFM step: 85/100
PCFM step: 90/100
PCFM step: 95/100
200.199233 seconds (604.17 M allocations: 33.011 GiB, 5.86% gc time, 3 lock conflicts, 60.84% compilation time: <1% of which was recompilation)

------------------------
------Sampling PCFM------
Modelling: exa
Optimizer: MadNLPMOI.Optimizer
Backend: CPU(false)
------------------------

PCFM step: 0/100
PCFM step: 5/100
PCFM step: 10/100
PCFM step: 15/100
PCFM step: 20/100
PCFM step: 25/100
PCFM step: 30/100
PCFM step: 35/100
PCFM step: 40/100
PCFM step: 45/100
PCFM step: 50/100
PCFM step: 55/100
PCFM step: 60/100
PCFM step: 65/100
PCFM step: 70/100
PCFM step: 75/100
PCFM step: 80/100
PCFM step: 85/100
PCFM step: 90/100
PCFM step: 95/100
433.012772 seconds (195.64 M allocations: 20.500 GiB, 1.59% gc time, 7.17% compilation time)
