Precompiling packages...
  26130.5 ms  ✓ PCFM
  1 dependency successfully precompiled in 64 seconds. 625 already precompiled.
[ Info: Solvers to run: exa_gpu, exa_cpu
[ Info: ExaModels, MadNLP, GPU
[ Info: ExaModels, MadNLP, CPU
[ Info: Reference IC: p_loc = 0.4822 (index 16 / 30)
[ Info: Saved left_bc_vals, ref_samples, samples_exa_cpu, samples_exa_gpu to samples_burgers_IC_IC_Mass_Flux_k5_run6.jld2
============================================================
Burgers Equation — Functional Flow Matching
============================================================

[1/3] Creating FFM model...
  Model created successfully

[2/3] Loading checkpoint from: /orcd/home/002/txenakis/projects/18337/PCFM.jl/examples/checkpoints/ffm_burgers_checkpoint.jld2
  Loaded trained parameters and states

[3/3] Generating samples...
backend = CUDABackend(false, false)

------------------------
------Sampling PCFM------
Modelling: exa
Optimizer: MadNLPMOI.Optimizer
Backend: CUDABackend(false, false)
------------------------

PCFM step: 0/100
PCFM step: 5/100
PCFM step: 10/100
PCFM step: 15/100
PCFM step: 20/100
PCFM step: 25/100
PCFM step: 30/100
PCFM step: 35/100
PCFM step: 40/100
PCFM step: 45/100
PCFM step: 50/100
PCFM step: 55/100
PCFM step: 60/100
PCFM step: 65/100
PCFM step: 70/100
PCFM step: 75/100
PCFM step: 80/100
PCFM step: 85/100
PCFM step: 90/100
PCFM step: 95/100
243.604968 seconds (594.67 M allocations: 32.052 GiB, 4.76% gc time, 4 lock conflicts, 50.59% compilation time: <1% of which was recompilation)

------------------------
------Sampling PCFM------
Modelling: exa
Optimizer: MadNLPMOI.Optimizer
Backend: CPU(false)
------------------------

PCFM step: 0/100
PCFM step: 5/100
PCFM step: 10/100
PCFM step: 15/100
PCFM step: 20/100
PCFM step: 25/100
PCFM step: 30/100
PCFM step: 35/100
PCFM step: 40/100
PCFM step: 45/100
PCFM step: 50/100
PCFM step: 55/100
PCFM step: 60/100
PCFM step: 65/100
PCFM step: 70/100
PCFM step: 75/100
PCFM step: 80/100
PCFM step: 85/100
PCFM step: 90/100
PCFM step: 95/100
1374.084603 seconds (195.93 M allocations: 35.286 GiB, 0.68% gc time, 2.34% compilation time)
