[ Info: Solvers to run: exa_gpu
[ Info: ExaModels, MadNLP, GPU
[ Info: Reference IC: p_loc = 0.4822 (index 16 / 30)
[ Info: Saved left_bc_vals, ref_samples, samples_exa_gpu to samples_burgers_IC_IC_Mass_Flux_k10_run6.jld2
============================================================
Burgers Equation — Functional Flow Matching
============================================================

[1/3] Creating FFM model...
  Model created successfully

[2/3] Loading checkpoint from: /orcd/home/002/txenakis/projects/18337/PCFM.jl/examples/checkpoints/ffm_burgers_checkpoint.jld2
  Loaded trained parameters and states

[3/3] Generating samples...
backend = CUDABackend(false, false)

------------------------
------Sampling PCFM------
Modelling: exa
Optimizer: MadNLPMOI.Optimizer
Backend: CUDABackend(false, false)
------------------------

PCFM step: 0/100
PCFM step: 5/100
PCFM step: 10/100
PCFM step: 15/100
PCFM step: 20/100
PCFM step: 25/100
PCFM step: 30/100
PCFM step: 35/100
PCFM step: 40/100
PCFM step: 45/100
PCFM step: 50/100
PCFM step: 55/100
PCFM step: 60/100
PCFM step: 65/100
PCFM step: 70/100
PCFM step: 75/100
PCFM step: 80/100
PCFM step: 85/100
PCFM step: 90/100
PCFM step: 95/100
265.931538 seconds (596.37 M allocations: 32.285 GiB, 4.38% gc time, 2 lock conflicts, 46.55% compilation time: <1% of which was recompilation)
